// Jest Snapshot v1, https://goo.gl/fbAQLP

exports[`renders nav renders the main nav 1`] = `
<div
  className="main-nav"
>
  <Link
    className="nav-link"
    to="/"
  >
    <p>
      Home
    </p>
  </Link>
  <Link
    className="nav-link"
    to="/launches"
  >
    <p>
      Launches
    </p>
  </Link>
  <Link
    className="nav-link"
    to="/rockets"
  >
    <p>
      Rockets
    </p>
  </Link>
  <Link
    className="nav-link"
    to="/ships"
  >
    <p>
      Ships
    </p>
  </Link>
</div>
`;
